  PAR:  509.51*  Ratio:  400.00       (S.Area)
  PAR:  440.22*  Ratio:  400.00       (S.Area)
  PAR:  486.44*  Ratio:  400.00       (S.Area)
  PAR:  749.00*  Ratio:  400.00       (S.Area)
  PAR:  409.46*  Ratio:  400.00       (S.Area)
  PAR:  685.06*  Ratio:  400.00       (S.Area)
  PAR:  685.06*  Ratio:  400.00       (S.Area)
  PAR:  408.52*  Ratio:  400.00       (S.Area)
  PAR:  460.63*  Ratio:  400.00       (S.Area)
  PAR:  460.63*  Ratio:  400.00       (S.Area)
  PAR: 1635.19*  Ratio:  400.00       (S.Area)
  PAR: 1015.68*  Ratio:  400.00       (S.Area)
  PAR:  666.85*  Ratio:  400.00       (S.Area)
  PAR:  488.33*  Ratio:  400.00       (S.Area)
  PAR:  541.78*  Ratio:  400.00       (S.Area)
  PAR:  422.89*  Ratio:  400.00       (S.Area)
  PAR:  427.86*  Ratio:  400.00       (S.Area)
  PAR:  456.22*  Ratio:  400.00       (S.Area)
  PAR:  830.91*  Ratio:  400.00       (S.Area)
  PAR:  600.78*  Ratio:  400.00       (S.Area)
  PAR:  522.00*  Ratio:  400.00       (S.Area)
  PAR:  651.44*  Ratio:  400.00       (S.Area)
  PAR:  779.44*  Ratio:  400.00       (S.Area)
  PAR:  469.16*  Ratio:  400.00       (S.Area)
  PAR:  432.95*  Ratio:  400.00       (S.Area)
  PAR:  424.42*  Ratio:  400.00       (S.Area)
  PAR:  424.42*  Ratio:  400.00       (S.Area)
  PAR:  406.89*  Ratio:  400.00       (S.Area)
  PAR:  552.28*  Ratio:  400.00       (S.Area)
  PAR:  644.18*  Ratio:  400.00       (S.Area)
  PAR:  439.17*  Ratio:  400.00       (S.Area)
  PAR:  463.91*  Ratio:  400.00       (S.Area)
  PAR: 1611.33*  Ratio:  400.00       (S.Area)
  PAR:  518.33*  Ratio:  400.00       (S.Area)
  PAR:  408.91*  Ratio:  400.00       (S.Area)
  PAR:  439.92*  Ratio:  400.00       (S.Area)
  PAR:  439.92*  Ratio:  400.00       (S.Area)
  PAR:  439.92*  Ratio:  400.00       (S.Area)
  PAR:  402.80*  Ratio:  400.00       (S.Area)
  PAR: 2975.90*  Ratio: 2956.40       (S.Area)
  PAR:  711.94*  Ratio:  400.00       (S.Area)
  PAR:  575.73*  Ratio:  400.00       (S.Area)
  PAR: 1508.83*  Ratio:  400.00       (S.Area)
  PAR:  521.48*  Ratio:  400.00       (S.Area)
  PAR:  538.31*  Ratio:  400.00       (S.Area)
  PAR:  451.81*  Ratio:  400.00       (S.Area)
  PAR:  758.86*  Ratio:  400.00       (S.Area)
  PAR: 1139.17*  Ratio:  400.00       (S.Area)
  PAR: 1139.17*  Ratio:  400.00       (S.Area)
  PAR:  532.24*  Ratio:  400.00       (S.Area)
  PAR:  532.24*  Ratio:  400.00       (S.Area)
  PAR:  427.43*  Ratio:  400.00       (S.Area)
  PAR: 1271.96*  Ratio:  400.00       (S.Area)
  PAR:  401.63*  Ratio:  400.00       (S.Area)
  PAR:  716.72*  Ratio:  400.00       (S.Area)
  PAR:  716.72*  Ratio:  400.00       (S.Area)
  PAR: 1145.70*  Ratio:  400.00       (S.Area)
  PAR:  465.42*  Ratio:  400.00       (S.Area)
